Copyright 1986-2022 Xilinx, Inc. All Rights Reserved. Copyright 2022-2024 Advanced Micro Devices, Inc. All Rights Reserved.
---------------------------------------------------------------------------------------------------------------------------------------------
| Tool Version : Vivado v.2024.2 (lin64) Build 5239630 Fri Nov 08 22:34:34 MST 2024
| Date         : Wed Aug 20 11:47:43 2025
| Host         : min running 64-bit Ubuntu 24.04.2 LTS
| Command      : report_control_sets -verbose -file hc_sr04_top_control_sets_placed.rpt
| Design       : hc_sr04_top
| Device       : xc7a35t
---------------------------------------------------------------------------------------------------------------------------------------------

Control Set Information

Table of Contents
-----------------
1. Summary
2. Histogram
3. Flip-Flop Distribution
4. Detailed Control Set Information

1. Summary
----------

+----------------------------------------------------------+-------+
|                          Status                          | Count |
+----------------------------------------------------------+-------+
| Total control sets                                       |     9 |
|    Minimum number of control sets                        |     9 |
|    Addition due to synthesis replication                 |     0 |
|    Addition due to physical synthesis replication        |     0 |
| Unused register locations in slices containing registers |    24 |
+----------------------------------------------------------+-------+
* Control sets can be merged at opt_design using control_set_merge or merge_equivalent_drivers
** Run report_qor_suggestions for automated merging and remapping suggestions


2. Histogram
------------

+--------------------+-------+
|       Fanout       | Count |
+--------------------+-------+
| Total control sets |     9 |
| >= 0 to < 4        |     1 |
| >= 4 to < 6        |     2 |
| >= 6 to < 8        |     1 |
| >= 8 to < 10       |     2 |
| >= 10 to < 12      |     0 |
| >= 12 to < 14      |     0 |
| >= 14 to < 16      |     0 |
| >= 16              |     3 |
+--------------------+-------+
* Control sets can be remapped at either synth_design or opt_design


3. Flip-Flop Distribution
-------------------------

+--------------+-----------------------+------------------------+-----------------+--------------+
| Clock Enable | Synchronous Set/Reset | Asynchronous Set/Reset | Total Registers | Total Slices |
+--------------+-----------------------+------------------------+-----------------+--------------+
| No           | No                    | No                     |              18 |            6 |
| No           | No                    | Yes                    |              20 |           11 |
| No           | Yes                   | No                     |               0 |            0 |
| Yes          | No                    | No                     |               0 |            0 |
| Yes          | No                    | Yes                    |              50 |           15 |
| Yes          | Yes                   | No                     |               0 |            0 |
+--------------+-----------------------+------------------------+-----------------+--------------+


4. Detailed Control Set Information
-----------------------------------

+----------------+-------------------------------------+------------------+------------------+----------------+--------------+
|  Clock Signal  |            Enable Signal            | Set/Reset Signal | Slice Load Count | Bel Load Count | Bels / Slice |
+----------------+-------------------------------------+------------------+------------------+----------------+--------------+
|  clk_IBUF_BUFG | hcsr04/trig_i_1_n_0                 | reset_p_IBUF     |                1 |              2 |         2.00 |
|  clk_IBUF_BUFG | hcsr04/echo_ed/E[0]                 | reset_p_IBUF     |                2 |              4 |         2.00 |
| ~clk_IBUF_BUFG |                                     | reset_p_IBUF     |                2 |              4 |         2.00 |
| ~clk_IBUF_BUFG | hcsr04/us_clk/clk_ed/div_usec_e_reg | reset_p_IBUF     |                2 |              6 |         3.00 |
|  clk_IBUF_BUFG | hcsr04/echo_ed/ff_cur_reg_0[0]      | reset_p_IBUF     |                2 |              8 |         4.00 |
| ~clk_IBUF_BUFG | hcsr04/us_clk/clk_ed/E[0]           | reset_p_IBUF     |                2 |              8 |         4.00 |
|  clk_IBUF_BUFG |                                     | reset_p_IBUF     |                9 |             16 |         1.78 |
|  clk_IBUF_BUFG |                                     |                  |                6 |             18 |         3.00 |
| ~clk_IBUF_BUFG | hcsr04/us_clk/clk_ed/n_edge_reg_0   | reset_p_IBUF     |                6 |             22 |         3.67 |
+----------------+-------------------------------------+------------------+------------------+----------------+--------------+


