#-----------------------------------------------------------
# Vivado v2024.2 (64-bit)
# SW Build 5239630 on Fri Nov 08 22:34:34 MST 2024
# IP Build 5239520 on Sun Nov 10 16:12:51 MST 2024
# SharedData Build 5239561 on Fri Nov 08 14:39:27 MST 2024
# Start of session at: Thu Jul 17 12:42:15 2025
# Process ID         : 59142
# Current directory  : /home/psh/work/decoder/decoder.runs/impl_1
# Command line       : vivado -log decoder_2x4_dataflow.vdi -applog -product Vivado -messageDb vivado.pb -mode batch -source decoder_2x4_dataflow.tcl -notrace
# Log file           : /home/psh/work/decoder/decoder.runs/impl_1/decoder_2x4_dataflow.vdi
# Journal file       : /home/psh/work/decoder/decoder.runs/impl_1/vivado.jou
# Running On         : min
# Platform           : Ubuntu
# Operating System   : Ubuntu 24.04.2 LTS
# Processor Detail   : Intel(R) Core(TM) i5-1035G7 CPU @ 1.20GHz
# CPU Frequency      : 2675.643 MHz
# CPU Physical cores : 4
# CPU Logical cores  : 8
# Host memory        : 16395 MB
# Swap memory        : 4294 MB
# Total Virtual      : 20690 MB
# Available Virtual  : 13820 MB
#-----------------------------------------------------------
source decoder_2x4_dataflow.tcl -notrace
